// Jest Snapshot v1, https://goo.gl/fbAQLP

exports[`renders correctly 1`] = `
<div
  className="containerSlide"
>
  <img
    alt="Select a combination to start ..."
    className="image"
    src="shapes_2.svg"
  />
</div>
`;
